// Jest Snapshot v1, https://goo.gl/fbAQLP

exports[`LoginUI component LoginUI snapshot 1`] = `
Object {
  "asFragment": [Function],
  "baseElement": <body>
    <div>
      <div>
        <form>
          <p>
            Заполните форму ниже, чтобы войти в свою учетную запись.
          </p>
          <div
            class="undefined undefined"
          >
            <input
              class="undefined undefined"
              data-testid="idEmailLogin"
              name="email"
              placeholder="Email"
              type="email"
              value="example@example.com"
            />
          </div>
          <div
            class="undefined undefined"
          >
            <input
              class="undefined undefined"
              data-testid="idPasswordLogin"
              name="password"
              placeholder="Password"
              type="password"
              value="12345678"
            />
          </div>
          <div
            class="undefined undefined"
          >
            
            <button
              data-testid="idBtnSubmitLogin"
              type="submit"
            >
              Войти
            </button>
          </div>
          <p>
            <span>
              Нет аккаунта? 
            </span>
            <a
              href=""
            >
              Регистрация
            </a>
          </p>
        </form>
      </div>
    </div>
  </body>,
  "container": <div>
    <div>
      <form>
        <p>
          Заполните форму ниже, чтобы войти в свою учетную запись.
        </p>
        <div
          class="undefined undefined"
        >
          <input
            class="undefined undefined"
            data-testid="idEmailLogin"
            name="email"
            placeholder="Email"
            type="email"
            value="example@example.com"
          />
        </div>
        <div
          class="undefined undefined"
        >
          <input
            class="undefined undefined"
            data-testid="idPasswordLogin"
            name="password"
            placeholder="Password"
            type="password"
            value="12345678"
          />
        </div>
        <div
          class="undefined undefined"
        >
          
          <button
            data-testid="idBtnSubmitLogin"
            type="submit"
          >
            Войти
          </button>
        </div>
        <p>
          <span>
            Нет аккаунта? 
          </span>
          <a
            href=""
          >
            Регистрация
          </a>
        </p>
      </form>
    </div>
  </div>,
  "debug": [Function],
  "findAllByAltText": [Function],
  "findAllByDisplayValue": [Function],
  "findAllByLabelText": [Function],
  "findAllByPlaceholderText": [Function],
  "findAllByRole": [Function],
  "findAllByTestId": [Function],
  "findAllByText": [Function],
  "findAllByTitle": [Function],
  "findByAltText": [Function],
  "findByDisplayValue": [Function],
  "findByLabelText": [Function],
  "findByPlaceholderText": [Function],
  "findByRole": [Function],
  "findByTestId": [Function],
  "findByText": [Function],
  "findByTitle": [Function],
  "getAllByAltText": [Function],
  "getAllByDisplayValue": [Function],
  "getAllByLabelText": [Function],
  "getAllByPlaceholderText": [Function],
  "getAllByRole": [Function],
  "getAllByTestId": [Function],
  "getAllByText": [Function],
  "getAllByTitle": [Function],
  "getByAltText": [Function],
  "getByDisplayValue": [Function],
  "getByLabelText": [Function],
  "getByPlaceholderText": [Function],
  "getByRole": [Function],
  "getByTestId": [Function],
  "getByText": [Function],
  "getByTitle": [Function],
  "queryAllByAltText": [Function],
  "queryAllByDisplayValue": [Function],
  "queryAllByLabelText": [Function],
  "queryAllByPlaceholderText": [Function],
  "queryAllByRole": [Function],
  "queryAllByTestId": [Function],
  "queryAllByText": [Function],
  "queryAllByTitle": [Function],
  "queryByAltText": [Function],
  "queryByDisplayValue": [Function],
  "queryByLabelText": [Function],
  "queryByPlaceholderText": [Function],
  "queryByRole": [Function],
  "queryByTestId": [Function],
  "queryByText": [Function],
  "queryByTitle": [Function],
  "rerender": [Function],
  "unmount": [Function],
}
`;
